[2026-06-05 23:56:58] === VM Watcher started ===
[2026-06-05 23:56:58] Target=93.77.184.219 Interval=300s Threshold=5 VM=fhmab2qg10esn09j0na2
[2026-06-05 23:56:59] PING OK
[2026-06-06 00:05:43] === VM Watcher started ===
[2026-06-06 00:05:43] Target=93.77.184.219 Interval=300s Threshold=5 VM=fhmab2qg10esn09j0na2
[2026-06-06 00:05:43] PING OK
[2026-06-06 00:10:46] PING FAIL (1/5)
[2026-06-06 00:15:49] PING FAIL (2/5)
[2026-06-06 00:16:35] === VM Watcher started ===
[2026-06-06 00:16:36] Target=93.77.184.219 Interval=300s Threshold=5 VM=fhmab2qg10esn09j0na2
[2026-06-06 00:16:38] PING FAIL (1/5)
[2026-06-06 00:17:11] PING FAIL (2/5)
[2026-06-06 00:17:44] PING FAIL (3/5)
[2026-06-06 00:18:17] PING FAIL (4/5)
[2026-06-06 00:18:50] PING FAIL (5/5)
[2026-06-06 00:18:50] Threshold reached - checking VM via YC CLI
[2026-06-06 00:18:55] VM status: 
[2026-06-06 00:18:55] VM status unknown: 
[2026-06-06 00:19:50] Telegram send failed: Невозможно соединиться с удаленным сервером
[2026-06-06 00:21:14] === VM Watcher started ===
[2026-06-06 00:21:14] Target=93.77.184.219 Interval=300s Threshold=5 VM=fhmab2qg10esn09j0na2
[2026-06-06 00:21:17] PING FAIL (1/5)
[2026-06-06 00:21:50] PING FAIL (2/5)
[2026-06-06 00:22:23] PING FAIL (3/5)
[2026-06-06 00:22:56] PING FAIL (4/5)
[2026-06-06 00:23:29] PING FAIL (5/5)
[2026-06-06 00:23:29] Threshold reached - checking VM via YC CLI
[2026-06-06 00:23:29] VM status: 
[2026-06-06 00:23:29] VM status unknown: 
[2026-06-06 00:24:23] Telegram send failed: Невозможно соединиться с удаленным сервером
[2026-06-06 00:25:22] === VM Watcher started ===
[2026-06-06 00:25:22] Target=93.77.184.219 Interval=300s Threshold=5 VM=fhmab2qg10esn09j0na2
[2026-06-06 00:25:25] PING FAIL (1/5)
[2026-06-06 00:25:58] PING FAIL (2/5)
[2026-06-06 00:26:31] PING FAIL (3/5)
[2026-06-06 00:27:04] PING FAIL (4/5)
[2026-06-06 00:27:37] PING FAIL (5/5)
[2026-06-06 00:27:37] Threshold reached - checking VM via YC CLI
[2026-06-06 00:27:51] VM status: STOPPED
[2026-06-06 00:27:51] VM STOPPED - sending start command
[2026-06-06 00:27:53] VM START command sent for fhmab2qg10esn09j0na2
[2026-06-06 00:27:55] Telegram send failed: Удаленный сервер возвратил ошибку: (400) Недопустимый запрос.
